
> island-connect-ai@1.0.0 start
> npx serve .

npm warn exec The following package was not found and will be installed: serve@14.2.6
 INFO  Accepting connections at http://localhost:3000
 HTTP  3/26/2026 12:07:49 AM ::1 GET /
 HTTP  3/26/2026 12:07:49 AM ::1 Returned 200 in 352 ms
 HTTP  3/26/2026 12:07:49 AM ::1 GET /css/style.css
 HTTP  3/26/2026 12:07:49 AM ::1 Returned 200 in 5 ms
 HTTP  3/26/2026 12:07:50 AM ::1 GET /js/main.js
 HTTP  3/26/2026 12:07:50 AM ::1 Returned 200 in 3 ms
 HTTP  3/26/2026 12:12:39 AM ::1 GET /
 HTTP  3/26/2026 12:12:39 AM ::1 Returned 200 in 10 ms
 HTTP  3/26/2026 12:12:39 AM ::1 GET /css/style.css
 HTTP  3/26/2026 12:12:39 AM ::1 Returned 200 in 9 ms
 HTTP  3/26/2026 12:12:40 AM ::1 GET /js/main.js
 HTTP  3/26/2026 12:12:40 AM ::1 Returned 200 in 2 ms
 HTTP  3/26/2026 12:17:55 AM ::1 GET /
 HTTP  3/26/2026 12:17:55 AM ::1 Returned 200 in 9 ms
 HTTP  3/26/2026 12:17:55 AM ::1 GET /css/style.css
 HTTP  3/26/2026 12:17:55 AM ::1 Returned 200 in 4 ms
 HTTP  3/26/2026 12:17:56 AM ::1 GET /js/main.js
 HTTP  3/26/2026 12:17:56 AM ::1 Returned 200 in 5 ms
 HTTP  3/26/2026 3:22:43 AM ::1 GET /
 HTTP  3/26/2026 3:22:43 AM ::1 Returned 200 in 82 ms
 HTTP  3/26/2026 3:22:43 AM ::1 GET /css/style.css
 HTTP  3/26/2026 3:22:43 AM ::1 Returned 200 in 16 ms
 HTTP  3/26/2026 3:22:44 AM ::1 GET /js/main.js
 HTTP  3/26/2026 3:22:44 AM ::1 Returned 200 in 7 ms
 HTTP  3/26/2026 3:35:47 AM ::1 GET /
 HTTP  3/26/2026 3:35:47 AM ::1 Returned 200 in 134 ms
 HTTP  3/26/2026 3:35:48 AM ::1 GET /css/style.css
 HTTP  3/26/2026 3:35:48 AM ::1 Returned 200 in 5 ms
 HTTP  3/26/2026 3:35:48 AM ::1 GET /js/main.js
 HTTP  3/26/2026 3:35:48 AM ::1 Returned 200 in 2 ms
